// Jest Snapshot v1, https://goo.gl/fbAQLP

exports[`should render a list of dogs 1`] = `
<div>
  <div>
    <div>
      <div>
        <h1>
          Meet 
          Bruce
        </h1>
        <a
          href="/dogs/5"
        >
          <img
            src="https://placedog.net/500?id=57
"
          />
        </a>
        <p>
          Bruce
           is a 
          1
           year old 
          Bull dog
        </p>
      </div>
      <div>
        <h1>
          Meet 
          Mellony
        </h1>
        <a
          href="/dogs/1"
        >
          <img
            src="https://placedog.net/500?id=32
"
          />
        </a>
        <p>
          Mellony
           is a 
          1
           year old 
          Terrier
        </p>
      </div>
      <div>
        <h1>
          Meet 
          Miki
        </h1>
        <a
          href="/dogs/2"
        >
          <img
            src="https://placedog.net/500?id=171
"
          />
        </a>
        <p>
          Miki
           is a 
          1
           year old 
          Border Collie 
        </p>
      </div>
      <div>
        <h1>
          Meet 
          Karen
        </h1>
        <a
          href="/dogs/3"
        >
          <img
            src="https://placedog.net/500?id=85
"
          />
        </a>
        <p>
          Karen
           is a 
          3
           year old 
          Yorkie
        </p>
      </div>
      <div>
        <h1>
          Meet 
          Luna 
        </h1>
        <a
          href="/dogs/4"
        >
          <img
            src="https://placedog.net/500?id=101
"
          />
        </a>
        <p>
          Luna 
           is a 
          4
           year old 
          Retriever mix
        </p>
      </div>
    </div>
  </div>
</div>
`;
