// Jest Snapshot v1, https://goo.gl/fbAQLP

exports[`renders dogDetails 1`] = `
<div>
  <div>
    <div>
      <img
        src="https://placedog.net/500?id=101
"
      />
      <h1>
        Luna 
      </h1>
      <p>
        Age: 
        4
      </p>
      <p>
        Breed: 
        Retriever mix
      </p>
      <p>
        Is a Lunatic but sweet
      </p>
      <a
        href="/dogs/4/edit"
      >
        Edit
      </a>
      <button>
        Delete Post
      </button>
    </div>
  </div>
</div>
`;
