// Jest Snapshot v1, https://goo.gl/fbAQLP

exports[`renders dogDetails 1`] = `
<div>
  <div>
    <div>
      <img
        src="https://placedog.net/500?id=6"
      />
      <h1>
        Barton
      </h1>
      <p>
        Age: 
        1
      </p>
      <p>
        Breed: 
        Weimaraner
      </p>
      <p>
        Adores every person he meets. Very social and lots of energy
      </p>
    </div>
  </div>
</div>
`;
